Microsoft Windows [Versión 10.0.19045.4780]
(c) Microsoft Corporation. Todos los derechos reservados.

C:\Users\iramb>mysqlsh
MySQL Shell 8.0.38

Copyright (c) 2016, 2024, Oracle and/or its affiliates.
Oracle is a registered trademark of Oracle Corporation and/or its affiliates.
Other names may be trademarks of their respective owners.

Type '\help' or '\?' for help; '\quit' to exit.
 MySQL  JS > sql
ReferenceError: sql is not defined
 MySQL  JS > \sql
Switching to SQL mode... Commands end with ;
 MySQL  SQL > \connect --mc root@localhost
Creating a Classic session to 'root@localhost'
Fetching global names for auto-completion... Press ^C to stop.
Your MySQL connection id is 14
Server version: 8.0.39 MySQL Community Server - GPL
No default schema selected; type \use <schema> to set one.
 MySQL  localhost:3306 ssl  SQL > use tbd_eva1
Default schema set to `tbd_eva1`.
Fetching global names, object names from `tbd_eva1` for auto-completion... Press ^C to stop.
 MySQL  localhost:3306 ssl  tbd_eva1  SQL > show tables
                                         -> ;
+--------------------+
| Tables_in_tbd_eva1 |
+--------------------+
| student            |
+--------------------+
1 row in set (0.0013 sec)
 MySQL  localhost:3306 ssl  tbd_eva1  SQL > show create table;
ERROR: 1064 (42000): You have an error in your SQL syntax; check the manual that corresponds to your MySQL server version for the right syntax to use near '' at line 1
 MySQL  localhost:3306 ssl  tbd_eva1  SQL > show create student;
ERROR: 1064 (42000): You have an error in your SQL syntax; check the manual that corresponds to your MySQL server version for the right syntax to use near 'student' at line 1
 MySQL  localhost:3306 ssl  tbd_eva1  SQL > show create tbd_eva1;
ERROR: 1064 (42000): You have an error in your SQL syntax; check the manual that corresponds to your MySQL server version for the right syntax to use near 'tbd_eva1' at line 1
 MySQL  localhost:3306 ssl  tbd_eva1  SQL > \show create table student;
Unknown report: create
 MySQL  localhost:3306 ssl  tbd_eva1  SQL > show create table student;
+---------+------------------------------------------------------------------------------------------------------------------------------------------------------------------------------------------------------------------------------------------------------------------------------------------------------------------+
| Table   | Create Table                                                                                                                                                                                                                                                                                                     |
+---------+------------------------------------------------------------------------------------------------------------------------------------------------------------------------------------------------------------------------------------------------------------------------------------------------------------------+
| student | CREATE TABLE `student` (
  `name` varchar(30) DEFAULT NULL,
  `ssn` varchar(11) DEFAULT NULL,
  `home_phone` varchar(8) DEFAULT NULL,
  `addres` varchar(50) DEFAULT NULL,
  `office_phone` varchar(8) DEFAULT NULL,
  `age` int DEFAULT NULL
) ENGINE=InnoDB DEFAULT CHARSET=utf8mb4 COLLATE=utf8mb4_0900_ai_ci |
+---------+------------------------------------------------------------------------------------------------------------------------------------------------------------------------------------------------------------------------------------------------------------------------------------------------------------------+
1 row in set (0.0470 sec)
 MySQL  localhost:3306 ssl  tbd_eva1  SQL > insert into student
                                         -> show create student;^C
 MySQL  localhost:3306 ssl  tbd_eva1  SQL > show student;
ERROR: 1064 (42000): You have an error in your SQL syntax; check the manual that corresponds to your MySQL server version for the right syntax to use near 'student' at line 1
 MySQL  localhost:3306 ssl  tbd_eva1  SQL > show table student;
ERROR: 1064 (42000): You have an error in your SQL syntax; check the manual that corresponds to your MySQL server version for the right syntax to use near 'student' at line 1
 MySQL  localhost:3306 ssl  tbd_eva1  SQL > insert into student
                                         -> value ('Pedro Pecas', '1233', '213','Zuazua', '2233', 21);
Query OK, 1 row affected (0.0448 sec)
 MySQL  localhost:3306 ssl  tbd_eva1  SQL > insert into student values
                                         -> ('X','123','1232','Apodaca','2223',12),('Pepe','123','333','Chiuas','2344',17);
Query OK, 2 rows affected (0.0455 sec)

Records: 2  Duplicates: 0  Warnings: 0
 MySQL  localhost:3306 ssl  tbd_eva1  SQL > insert into student(name)
                                         -> value ('paco');
Query OK, 1 row affected (0.0468 sec)
 MySQL  localhost:3306 ssl  tbd_eva1  SQL > insert into student(name) values ('Maria'),('Josefa');
Query OK, 2 rows affected (0.0476 sec)

Records: 2  Duplicates: 0  Warnings: 0
 MySQL  localhost:3306 ssl  tbd_eva1  SQL > select * from student
                                         -> ;
+-------------+------+------------+---------+--------------+------+
| name        | ssn  | home_phone | addres  | office_phone | age  |
+-------------+------+------------+---------+--------------+------+
| Pedro Pecas | 1233 | 213        | Zuazua  | 2233         |   21 |
| X           | 123  | 1232       | Apodaca | 2223         |   12 |
| Pepe        | 123  | 333        | Chiuas  | 2344         |   17 |
| paco        | NULL | NULL       | NULL    | NULL         | NULL |
| Maria       | NULL | NULL       | NULL    | NULL         | NULL |
| Josefa      | NULL | NULL       | NULL    | NULL         | NULL |
+-------------+------+------------+---------+--------------+------+
6 rows in set (0.0005 sec)
 MySQL  localhost:3306 ssl  tbd_eva1  SQL > SELECT name,ssn FROM student
                                         -> ;
+-------------+------+
| name        | ssn  |
+-------------+------+
| Pedro Pecas | 1233 |
| X           | 123  |
| Pepe        | 123  |
| paco        | NULL |
| Maria       | NULL |
| Josefa      | NULL |
+-------------+------+
6 rows in set (0.0007 sec)
 MySQL  localhost:3306 ssl  tbd_eva1  SQL > SELECT COUNT(*)
                                         -> ;
+----------+
| COUNT(*) |
+----------+
|        1 |
+----------+
1 row in set (0.0374 sec)
 MySQL  localhost:3306 ssl  tbd_eva1  SQL > SELECT COUNT(*) from s
sakila   student  sys
 MySQL  localhost:3306 ssl  tbd_eva1  SQL > SELECT COUNT(*) from s
sakila   student  sys
 MySQL  localhost:3306 ssl  tbd_eva1  SQL > SELECT COUNT(*) from student;
+----------+
| COUNT(*) |
+----------+
|        6 |
+----------+
1 row in set (0.0408 sec)
 MySQL  localhost:3306 ssl  tbd_eva1  SQL > SELECT * from
FROM
 MySQL  localhost:3306 ssl  tbd_eva1  SQL > SELECT * FROM student LIMIT 5;
+-------------+------+------------+---------+--------------+------+
| name        | ssn  | home_phone | addres  | office_phone | age  |
+-------------+------+------------+---------+--------------+------+
| Pedro Pecas | 1233 | 213        | Zuazua  | 2233         |   21 |
| X           | 123  | 1232       | Apodaca | 2223         |   12 |
| Pepe        | 123  | 333        | Chiuas  | 2344         |   17 |
| paco        | NULL | NULL       | NULL    | NULL         | NULL |
| Maria       | NULL | NULL       | NULL    | NULL         | NULL |
+-------------+------+------------+---------+--------------+------+
5 rows in set (0.0355 sec)
 MySQL  localhost:3306 ssl  tbd_eva1  SQL > SELECT * FROM student LIMIT 2;
+-------------+------+------------+---------+--------------+-----+
| name        | ssn  | home_phone | addres  | office_phone | age |
+-------------+------+------------+---------+--------------+-----+
| Pedro Pecas | 1233 | 213        | Zuazua  | 2233         |  21 |
| X           | 123  | 1232       | Apodaca | 2223         |  12 |
+-------------+------+------------+---------+--------------+-----+
2 rows in set (0.0007 sec)
 MySQL  localhost:3306 ssl  tbd_eva1  SQL > create table vehicle
                                         -> (
                                         -> marca varchar (15),
                                         -> modelo varchar(30),
                                         -> anio int (4),
                                         -> precio decimal(13,2),
                                         -> color varchar(15),
                                         -> vin varchar(30);
ERROR: 1064 (42000): You have an error in your SQL syntax; check the manual that corresponds to your MySQL server version for the right syntax to use near '' at line 8
 MySQL  localhost:3306 ssl  tbd_eva1  SQL > create table vehicle ( marca varchar (15), modelo varchar(30), anio int (4), precio decimal(13,2), color varchar(15), vin varchar(30));
Query OK, 0 rows affected, 1 warning (0.0784 sec)
Warning (code 1681): Integer display width is deprecated and will be removed in a future release.
 MySQL  localhost:3306 ssl  tbd_eva1  SQL > select * from vehicle
                                         -> ;
Empty set (0.0398 sec)
 MySQL  localhost:3306 ssl  tbd_eva1  SQL > insert into vehicle ('Honda','Accord Type S',2004,1999.99,'Grey','1HMC2937819237');
ERROR: 1064 (42000): You have an error in your SQL syntax; check the manual that corresponds to your MySQL server version for the right syntax to use near ''Honda','Accord Type S',2004,1999.99,'Grey','1HMC2937819237')' at line 1
 MySQL  localhost:3306 ssl  tbd_eva1  SQL > insert into vehicle value ('Honda','Accord Type S',2004,1999.99,'Grey','1HMC2937819237');
Query OK, 1 row affected (0.0021 sec)
 MySQL  localhost:3306 ssl  tbd_eva1  SQL > SELECT * from vehicle
                                         -> ;
+-------+---------------+------+---------+-------+----------------+
| marca | modelo        | anio | precio  | color | vin            |
+-------+---------------+------+---------+-------+----------------+
| Honda | Accord Type S | 2004 | 1999.99 | Grey  | 1HMC2937819237 |
+-------+---------------+------+---------+-------+----------------+
1 row in set (0.0005 sec)